Archive member included to satisfy reference by file (symbol)

c:/users/summer/appdata/roaming/xpacks/arm_embedded_gcc/bin/../lib/gcc/arm-none-eabi/9.2.1/thumb/v6-m/nofp\libgcc.a(_udivsi3.o)
                              CMakeFiles/EVMeter.elf.dir/Drivers/STM32F0xx_HAL_Driver/Src/stm32f0xx_hal.c.obj (__aeabi_uidiv)
c:/users/summer/appdata/roaming/xpacks/arm_embedded_gcc/bin/../lib/gcc/arm-none-eabi/9.2.1/thumb/v6-m/nofp\libgcc.a(_dvmd_tls.o)
                              c:/users/summer/appdata/roaming/xpacks/arm_embedded_gcc/bin/../lib/gcc/arm-none-eabi/9.2.1/thumb/v6-m/nofp\libgcc.a(_udivsi3.o) (__aeabi_idiv0)
c:/users/summer/appdata/roaming/xpacks/arm_embedded_gcc/bin/../lib/gcc/arm-none-eabi/9.2.1/../../../../arm-none-eabi/lib/thumb/v6-m/nofp\libg_nano.a(lib_a-errno.o)
                              CMakeFiles/EVMeter.elf.dir/Src/syscalls.c.obj (__errno)
c:/users/summer/appdata/roaming/xpacks/arm_embedded_gcc/bin/../lib/gcc/arm-none-eabi/9.2.1/../../../../arm-none-eabi/lib/thumb/v6-m/nofp\libg_nano.a(lib_a-exit.o)
                              c:/users/summer/appdata/roaming/xpacks/arm_embedded_gcc/bin/../lib/gcc/arm-none-eabi/9.2.1/../../../../arm-none-eabi/lib/thumb/v6-m/nofp/crt0.o (exit)
c:/users/summer/appdata/roaming/xpacks/arm_embedded_gcc/bin/../lib/gcc/arm-none-eabi/9.2.1/../../../../arm-none-eabi/lib/thumb/v6-m/nofp\libg_nano.a(lib_a-impure.o)
                              c:/users/summer/appdata/roaming/xpacks/arm_embedded_gcc/bin/../lib/gcc/arm-none-eabi/9.2.1/../../../../arm-none-eabi/lib/thumb/v6-m/nofp\libg_nano.a(lib_a-exit.o) (_global_impure_ptr)
c:/users/summer/appdata/roaming/xpacks/arm_embedded_gcc/bin/../lib/gcc/arm-none-eabi/9.2.1/../../../../arm-none-eabi/lib/thumb/v6-m/nofp\libg_nano.a(lib_a-init.o)
                              c:/users/summer/appdata/roaming/xpacks/arm_embedded_gcc/bin/../lib/gcc/arm-none-eabi/9.2.1/../../../../arm-none-eabi/lib/thumb/v6-m/nofp/crt0.o (__libc_init_array)
c:/users/summer/appdata/roaming/xpacks/arm_embedded_gcc/bin/../lib/gcc/arm-none-eabi/9.2.1/../../../../arm-none-eabi/lib/thumb/v6-m/nofp\libg_nano.a(lib_a-memset.o)
                              c:/users/summer/appdata/roaming/xpacks/arm_embedded_gcc/bin/../lib/gcc/arm-none-eabi/9.2.1/../../../../arm-none-eabi/lib/thumb/v6-m/nofp/crt0.o (memset)

Discarded input sections

 .text          0x0000000000000000        0x0 c:/users/summer/appdata/roaming/xpacks/arm_embedded_gcc/bin/../lib/gcc/arm-none-eabi/9.2.1/thumb/v6-m/nofp/crti.o
 .data          0x0000000000000000        0x0 c:/users/summer/appdata/roaming/xpacks/arm_embedded_gcc/bin/../lib/gcc/arm-none-eabi/9.2.1/thumb/v6-m/nofp/crti.o
 .bss           0x0000000000000000        0x0 c:/users/summer/appdata/roaming/xpacks/arm_embedded_gcc/bin/../lib/gcc/arm-none-eabi/9.2.1/thumb/v6-m/nofp/crti.o
 .text          0x0000000000000000        0x0 c:/users/summer/appdata/roaming/xpacks/arm_embedded_gcc/bin/../lib/gcc/arm-none-eabi/9.2.1/thumb/v6-m/nofp/crtbegin.o
 .data          0x0000000000000000        0x0 c:/users/summer/appdata/roaming/xpacks/arm_embedded_gcc/bin/../lib/gcc/arm-none-eabi/9.2.1/thumb/v6-m/nofp/crtbegin.o
 .bss           0x0000000000000000        0x0 c:/users/summer/appdata/roaming/xpacks/arm_embedded_gcc/bin/../lib/gcc/arm-none-eabi/9.2.1/thumb/v6-m/nofp/crtbegin.o
 .data.__dso_handle
                0x0000000000000000        0x4 c:/users/summer/appdata/roaming/xpacks/arm_embedded_gcc/bin/../lib/gcc/arm-none-eabi/9.2.1/thumb/v6-m/nofp/crtbegin.o
 .text          0x0000000000000000       0x78 c:/users/summer/appdata/roaming/xpacks/arm_embedded_gcc/bin/../lib/gcc/arm-none-eabi/9.2.1/../../../../arm-none-eabi/lib/thumb/v6-m/nofp/crt0.o
 .data          0x0000000000000000        0x0 c:/users/summer/appdata/roaming/xpacks/arm_embedded_gcc/bin/../lib/gcc/arm-none-eabi/9.2.1/../../../../arm-none-eabi/lib/thumb/v6-m/nofp/crt0.o
 .bss           0x0000000000000000        0x0 c:/users/summer/appdata/roaming/xpacks/arm_embedded_gcc/bin/../lib/gcc/arm-none-eabi/9.2.1/../../../../arm-none-eabi/lib/thumb/v6-m/nofp/crt0.o
 .ARM.extab     0x0000000000000000        0x0 c:/users/summer/appdata/roaming/xpacks/arm_embedded_gcc/bin/../lib/gcc/arm-none-eabi/9.2.1/../../../../arm-none-eabi/lib/thumb/v6-m/nofp/crt0.o
 .ARM.exidx     0x0000000000000000        0x8 c:/users/summer/appdata/roaming/xpacks/arm_embedded_gcc/bin/../lib/gcc/arm-none-eabi/9.2.1/../../../../arm-none-eabi/lib/thumb/v6-m/nofp/crt0.o
 .ARM.attributes
                0x0000000000000000       0x1b c:/users/summer/appdata/roaming/xpacks/arm_embedded_gcc/bin/../lib/gcc/arm-none-eabi/9.2.1/../../../../arm-none-eabi/lib/thumb/v6-m/nofp/crt0.o
 .text          0x0000000000000000        0x0 CMakeFiles/EVMeter.elf.dir/Drivers/STM32F0xx_HAL_Driver/Src/stm32f0xx_hal.c.obj
 .data          0x0000000000000000        0x0 CMakeFiles/EVMeter.elf.dir/Drivers/STM32F0xx_HAL_Driver/Src/stm32f0xx_hal.c.obj
[...]
Memory Configuration

Name             Origin             Length             Attributes
RAM              0x0000000020000000 0x0000000000001800 xrw
FLASH            0x0000000008000000 0x0000000000008000 xr
*default*        0x0000000000000000 0xffffffffffffffff

Linker script and memory map

LOAD c:/users/summer/appdata/roaming/xpacks/arm_embedded_gcc/bin/../lib/gcc/arm-none-eabi/9.2.1/thumb/v6-m/nofp/crti.o
LOAD c:/users/summer/appdata/roaming/xpacks/arm_embedded_gcc/bin/../lib/gcc/arm-none-eabi/9.2.1/thumb/v6-m/nofp/crtbegin.o
LOAD c:/users/summer/appdata/roaming/xpacks/arm_embedded_gcc/bin/../lib/gcc/arm-none-eabi/9.2.1/../../../../arm-none-eabi/lib/thumb/v6-m/nofp/crt0.o
LOAD CMakeFiles/EVMeter.elf.dir/Drivers/STM32F0xx_HAL_Driver/Src/stm32f0xx_hal.c.obj
LOAD CMakeFiles/EVMeter.elf.dir/Drivers/STM32F0xx_HAL_Driver/Src/stm32f0xx_hal_cortex.c.obj
LOAD CMakeFiles/EVMeter.elf.dir/Drivers/STM32F0xx_HAL_Driver/Src/stm32f0xx_hal_dma.c.obj
LOAD CMakeFiles/EVMeter.elf.dir/Drivers/STM32F0xx_HAL_Driver/Src/stm32f0xx_hal_exti.c.obj
LOAD CMakeFiles/EVMeter.elf.dir/Drivers/STM32F0xx_HAL_Driver/Src/stm32f0xx_hal_flash.c.obj
LOAD CMakeFiles/EVMeter.elf.dir/Drivers/STM32F0xx_HAL_Driver/Src/stm32f0xx_hal_flash_ex.c.obj
LOAD CMakeFiles/EVMeter.elf.dir/Drivers/STM32F0xx_HAL_Driver/Src/stm32f0xx_hal_gpio.c.obj
LOAD CMakeFiles/EVMeter.elf.dir/Drivers/STM32F0xx_HAL_Driver/Src/stm32f0xx_hal_i2c.c.obj
LOAD CMakeFiles/EVMeter.elf.dir/Drivers/STM32F0xx_HAL_Driver/Src/stm32f0xx_hal_i2c_ex.c.obj
LOAD CMakeFiles/EVMeter.elf.dir/Drivers/STM32F0xx_HAL_Driver/Src/stm32f0xx_hal_pwr.c.obj
LOAD CMakeFiles/EVMeter.elf.dir/Drivers/STM32F0xx_HAL_Driver/Src/stm32f0xx_hal_pwr_ex.c.obj
LOAD CMakeFiles/EVMeter.elf.dir/Drivers/STM32F0xx_HAL_Driver/Src/stm32f0xx_hal_rcc.c.obj
LOAD CMakeFiles/EVMeter.elf.dir/Drivers/STM32F0xx_HAL_Driver/Src/stm32f0xx_hal_rcc_ex.c.obj
LOAD CMakeFiles/EVMeter.elf.dir/Drivers/STM32F0xx_HAL_Driver/Src/stm32f0xx_hal_spi.c.obj
LOAD CMakeFiles/EVMeter.elf.dir/Drivers/STM32F0xx_HAL_Driver/Src/stm32f0xx_hal_spi_ex.c.obj
LOAD CMakeFiles/EVMeter.elf.dir/Drivers/STM32F0xx_HAL_Driver/Src/stm32f0xx_hal_tim.c.obj
LOAD CMakeFiles/EVMeter.elf.dir/Drivers/STM32F0xx_HAL_Driver/Src/stm32f0xx_hal_tim_ex.c.obj
LOAD CMakeFiles/EVMeter.elf.dir/Src/gpio.c.obj
LOAD CMakeFiles/EVMeter.elf.dir/Src/i2c.c.obj
LOAD CMakeFiles/EVMeter.elf.dir/Src/main.c.obj
LOAD CMakeFiles/EVMeter.elf.dir/Src/spi.c.obj
LOAD CMakeFiles/EVMeter.elf.dir/Src/stm32f0xx_hal_msp.c.obj
LOAD CMakeFiles/EVMeter.elf.dir/Src/stm32f0xx_it.c.obj
LOAD CMakeFiles/EVMeter.elf.dir/Src/syscalls.c.obj
LOAD CMakeFiles/EVMeter.elf.dir/Src/system_stm32f0xx.c.obj
LOAD CMakeFiles/EVMeter.elf.dir/startup/startup_stm32f070x6.s.obj
START GROUP
LOAD c:/users/summer/appdata/roaming/xpacks/arm_embedded_gcc/bin/../lib/gcc/arm-none-eabi/9.2.1/thumb/v6-m/nofp\libgcc.a
LOAD c:/users/summer/appdata/roaming/xpacks/arm_embedded_gcc/bin/../lib/gcc/arm-none-eabi/9.2.1/../../../../arm-none-eabi/lib/thumb/v6-m/nofp\libg_nano.a
LOAD c:/users/summer/appdata/roaming/xpacks/arm_embedded_gcc/bin/../lib/gcc/arm-none-eabi/9.2.1/../../../../arm-none-eabi/lib/thumb/v6-m/nofp\libc_nano.a
END GROUP
START GROUP
LOAD c:/users/summer/appdata/roaming/xpacks/arm_embedded_gcc/bin/../lib/gcc/arm-none-eabi/9.2.1/thumb/v6-m/nofp\libgcc.a
LOAD c:/users/summer/appdata/roaming/xpacks/arm_embedded_gcc/bin/../lib/gcc/arm-none-eabi/9.2.1/../../../../arm-none-eabi/lib/thumb/v6-m/nofp\libc_nano.a
LOAD c:/users/summer/appdata/roaming/xpacks/arm_embedded_gcc/bin/../lib/gcc/arm-none-eabi/9.2.1/../../../../arm-none-eabi/lib/thumb/v6-m/nofp\libnosys.a
END GROUP
START GROUP
LOAD c:/users/summer/appdata/roaming/xpacks/arm_embedded_gcc/bin/../lib/gcc/arm-none-eabi/9.2.1/thumb/v6-m/nofp\libgcc.a
LOAD c:/users/summer/appdata/roaming/xpacks/arm_embedded_gcc/bin/../lib/gcc/arm-none-eabi/9.2.1/../../../../arm-none-eabi/lib/thumb/v6-m/nofp\libc_nano.a
LOAD c:/users/summer/appdata/roaming/xpacks/arm_embedded_gcc/bin/../lib/gcc/arm-none-eabi/9.2.1/../../../../arm-none-eabi/lib/thumb/v6-m/nofp\libnosys.a
END GROUP
LOAD c:/users/summer/appdata/roaming/xpacks/arm_embedded_gcc/bin/../lib/gcc/arm-none-eabi/9.2.1/thumb/v6-m/nofp/crtend.o
LOAD c:/users/summer/appdata/roaming/xpacks/arm_embedded_gcc/bin/../lib/gcc/arm-none-eabi/9.2.1/thumb/v6-m/nofp/crtn.o
                0x0000000020001800                _estack = 0x20001800
                0x0000000000000200                _Min_Heap_Size = 0x200
                0x0000000000000400                _Min_Stack_Size = 0x400

.isr_vector     0x0000000008000000       0xc0
                0x0000000008000000                . = ALIGN (0x4)
 *(.isr_vector)
 .isr_vector    0x0000000008000000       0xc0 CMakeFiles/EVMeter.elf.dir/startup/startup_stm32f070x6.s.obj
                0x0000000008000000                g_pfnVectors
                0x00000000080000c0                . = ALIGN (0x4)

.text           0x00000000080000c0     0x193c
                0x00000000080000c0                . = ALIGN (0x4)
 *(.text)
 .text          0x00000000080000c0      0x114 c:/users/summer/appdata/roaming/xpacks/arm_embedded_gcc/bin/../lib/gcc/arm-none-eabi/9.2.1/thumb/v6-m/nofp\libgcc.a(_udivsi3.o)
                0x00000000080000c0                __aeabi_uidiv
                0x00000000080000c0                __udivsi3
                0x00000000080001cc                __aeabi_uidivmod
 .text          0x00000000080001d4        0x4 c:/users/summer/appdata/roaming/xpacks/arm_embedded_gcc/bin/../lib/gcc/arm-none-eabi/9.2.1/thumb/v6-m/nofp\libgcc.a(_dvmd_tls.o)
                0x00000000080001d4                __aeabi_idiv0
                0x00000000080001d4                __aeabi_ldiv0
 *(.text*)
 .text.__do_global_dtors_aux
                0x00000000080001d8       0x28 c:/users/summer/appdata/roaming/xpacks/arm_embedded_gcc/bin/../lib/gcc/arm-none-eabi/9.2.1/thumb/v6-m/nofp/crtbegin.o
 .text.frame_dummy
                0x0000000008000200       0x20 c:/users/summer/appdata/roaming/xpacks/arm_embedded_gcc/bin/../lib/gcc/arm-none-eabi/9.2.1/thumb/v6-m/nofp/crtbegin.o
 .text.HAL_Init
                0x0000000008000220       0x28 CMakeFiles/EVMeter.elf.dir/Drivers/STM32F0xx_HAL_Driver/Src/stm32f0xx_hal.c.obj
                0x0000000008000220                HAL_Init
 .text.HAL_InitTick
                0x0000000008000248       0x68 CMakeFiles/EVMeter.elf.dir/Drivers/STM32F0xx_HAL_Driver/Src/stm32f0xx_hal.c.obj
                0x0000000008000248                HAL_InitTick
 .text.HAL_IncTick
                0x00000000080002b0       0x24 CMakeFiles/EVMeter.elf.dir/Drivers/STM32F0xx_HAL_Driver/Src/stm32f0xx_hal.c.obj
                0x00000000080002b0                HAL_IncTick
 .text.HAL_GetTick
                0x00000000080002d4       0x14 CMakeFiles/EVMeter.elf.dir/Drivers/STM32F0xx_HAL_Driver/Src/stm32f0xx_hal.c.obj
                0x00000000080002d4                HAL_GetTick
 .text.__NVIC_SetPriority
                0x00000000080002e8       0xdc CMakeFiles/EVMeter.elf.dir/Drivers/STM32F0xx_HAL_Driver/Src/stm32f0xx_hal_cortex.c.obj
 .text.SysTick_Config
                0x00000000080003c4       0x48 CMakeFiles/EVMeter.elf.dir/Drivers/STM32F0xx_HAL_Driver/Src/stm32f0xx_hal_cortex.c.obj
 .text.HAL_NVIC_SetPriority
                0x000000000800040c       0x2a CMakeFiles/EVMeter.elf.dir/Drivers/STM32F0xx_HAL_Driver/Src/stm32f0xx_hal_cortex.c.obj
                0x000000000800040c                HAL_NVIC_SetPriority
 .text.HAL_SYSTICK_Config
                0x0000000008000436       0x1a CMakeFiles/EVMeter.elf.dir/Drivers/STM32F0xx_HAL_Driver/Src/stm32f0xx_hal_cortex.c.obj
                0x0000000008000436                HAL_SYSTICK_Config
 .text.HAL_GPIO_Init
                0x0000000008000450      0x2e0 CMakeFiles/EVMeter.elf.dir/Drivers/STM32F0xx_HAL_Driver/Src/stm32f0xx_hal_gpio.c.obj
                0x0000000008000450                HAL_GPIO_Init
 .text.HAL_I2C_Init
                0x0000000008000730      0x12c CMakeFiles/EVMeter.elf.dir/Drivers/STM32F0xx_HAL_Driver/Src/stm32f0xx_hal_i2c.c.obj
                0x0000000008000730                HAL_I2C_Init
 .text.HAL_I2CEx_ConfigAnalogFilter
                0x000000000800085c       0x98 CMakeFiles/EVMeter.elf.dir/Drivers/STM32F0xx_HAL_Driver/Src/stm32f0xx_hal_i2c_ex.c.obj
                0x000000000800085c                HAL_I2CEx_ConfigAnalogFilter
 .text.HAL_I2CEx_ConfigDigitalFilter
                0x00000000080008f4       0x98 CMakeFiles/EVMeter.elf.dir/Drivers/STM32F0xx_HAL_Driver/Src/stm32f0xx_hal_i2c_ex.c.obj
                0x00000000080008f4                HAL_I2CEx_ConfigDigitalFilter
 .text.HAL_RCC_OscConfig
                0x000000000800098c      0x63c CMakeFiles/EVMeter.elf.dir/Drivers/STM32F0xx_HAL_Driver/Src/stm32f0xx_hal_rcc.c.obj
                0x000000000800098c                HAL_RCC_OscConfig
 .text.HAL_RCC_ClockConfig
                0x0000000008000fc8      0x19c CMakeFiles/EVMeter.elf.dir/Drivers/STM32F0xx_HAL_Driver/Src/stm32f0xx_hal_rcc.c.obj
                0x0000000008000fc8                HAL_RCC_ClockConfig
 .text.HAL_RCC_GetSysClockFreq
                0x0000000008001164       0xcc CMakeFiles/EVMeter.elf.dir/Drivers/STM32F0xx_HAL_Driver/Src/stm32f0xx_hal_rcc.c.obj
                0x0000000008001164                HAL_RCC_GetSysClockFreq
 .text.HAL_RCCEx_PeriphCLKConfig
                0x0000000008001230      0x1bc CMakeFiles/EVMeter.elf.dir/Drivers/STM32F0xx_HAL_Driver/Src/stm32f0xx_hal_rcc_ex.c.obj
                0x0000000008001230                HAL_RCCEx_PeriphCLKConfig
 .text.HAL_SPI_Init
                0x00000000080013ec      0x134 CMakeFiles/EVMeter.elf.dir/Drivers/STM32F0xx_HAL_Driver/Src/stm32f0xx_hal_spi.c.obj
                0x00000000080013ec                HAL_SPI_Init
 .text.MX_GPIO_Init
                0x0000000008001520       0x4c CMakeFiles/EVMeter.elf.dir/Src/gpio.c.obj
                0x0000000008001520                MX_GPIO_Init
 .text.MX_I2C1_Init
                0x000000000800156c       0x80 CMakeFiles/EVMeter.elf.dir/Src/i2c.c.obj
                0x000000000800156c                MX_I2C1_Init
 .text.HAL_I2C_MspInit
                0x00000000080015ec       0x9c CMakeFiles/EVMeter.elf.dir/Src/i2c.c.obj
                0x00000000080015ec                HAL_I2C_MspInit
 .text.main     0x0000000008001688       0x1a CMakeFiles/EVMeter.elf.dir/Src/main.c.obj
                0x0000000008001688                main
 .text.SystemClock_Config
                0x00000000080016a2       0xc4 CMakeFiles/EVMeter.elf.dir/Src/main.c.obj
                0x00000000080016a2                SystemClock_Config
 .text.Error_Handler
                0x0000000008001766        0xa CMakeFiles/EVMeter.elf.dir/Src/main.c.obj
                0x0000000008001766                Error_Handler
 .text.MX_SPI1_Init
                0x0000000008001770       0x7c CMakeFiles/EVMeter.elf.dir/Src/spi.c.obj
                0x0000000008001770                MX_SPI1_Init
 .text.HAL_SPI_MspInit
                0x00000000080017ec       0x98 CMakeFiles/EVMeter.elf.dir/Src/spi.c.obj
                0x00000000080017ec                HAL_SPI_MspInit
 .text.HAL_MspInit
                0x0000000008001884       0x48 CMakeFiles/EVMeter.elf.dir/Src/stm32f0xx_hal_msp.c.obj
                0x0000000008001884                HAL_MspInit
 .text.NMI_Handler
                0x00000000080018cc        0xa CMakeFiles/EVMeter.elf.dir/Src/stm32f0xx_it.c.obj
                0x00000000080018cc                NMI_Handler
 .text.HardFault_Handler
                0x00000000080018d6        0x6 CMakeFiles/EVMeter.elf.dir/Src/stm32f0xx_it.c.obj
                0x00000000080018d6                HardFault_Handler
 .text.SVC_Handler
                0x00000000080018dc        0xa CMakeFiles/EVMeter.elf.dir/Src/stm32f0xx_it.c.obj
                0x00000000080018dc                SVC_Handler
 .text.PendSV_Handler
                0x00000000080018e6        0xa CMakeFiles/EVMeter.elf.dir/Src/stm32f0xx_it.c.obj
                0x00000000080018e6                PendSV_Handler
 .text.SysTick_Handler
                0x00000000080018f0        0xe CMakeFiles/EVMeter.elf.dir/Src/stm32f0xx_it.c.obj
                0x00000000080018f0                SysTick_Handler
 .text.SystemInit
                0x00000000080018fe        0xa CMakeFiles/EVMeter.elf.dir/Src/system_stm32f0xx.c.obj
                0x00000000080018fe                SystemInit
 .text.Reset_Handler
                0x0000000008001908       0x80 CMakeFiles/EVMeter.elf.dir/startup/startup_stm32f070x6.s.obj
                0x0000000008001908                Reset_Handler
 .text.Default_Handler
                0x0000000008001988        0x2 CMakeFiles/EVMeter.elf.dir/startup/startup_stm32f070x6.s.obj
                0x0000000008001988                TIM1_CC_IRQHandler
                0x0000000008001988                I2C1_IRQHandler
                0x0000000008001988                SPI1_IRQHandler
                0x0000000008001988                EXTI2_3_IRQHandler
                0x0000000008001988                ADC1_IRQHandler
                0x0000000008001988                TIM17_IRQHandler
                0x0000000008001988                RTC_IRQHandler
                0x0000000008001988                TIM16_IRQHandler
                0x0000000008001988                TIM3_IRQHandler
                0x0000000008001988                EXTI4_15_IRQHandler
                0x0000000008001988                RCC_IRQHandler
                0x0000000008001988                DMA1_Channel1_IRQHandler
                0x0000000008001988                Default_Handler
                0x0000000008001988                TIM14_IRQHandler
                0x0000000008001988                DMA1_Channel4_5_IRQHandler
                0x0000000008001988                EXTI0_1_IRQHandler
                0x0000000008001988                USB_IRQHandler
                0x0000000008001988                WWDG_IRQHandler
                0x0000000008001988                DMA1_Channel2_3_IRQHandler
                0x0000000008001988                USART2_IRQHandler
                0x0000000008001988                FLASH_IRQHandler
                0x0000000008001988                USART1_IRQHandler
                0x0000000008001988                TIM1_BRK_UP_TRG_COM_IRQHandler
 *fill*         0x000000000800198a        0x2 
 .text.__libc_init_array
                0x000000000800198c       0x48 c:/users/summer/appdata/roaming/xpacks/arm_embedded_gcc/bin/../lib/gcc/arm-none-eabi/9.2.1/../../../../arm-none-eabi/lib/thumb/v6-m/nofp\libg_nano.a(lib_a-init.o)
                0x000000000800198c                __libc_init_array
 .text.memset   0x00000000080019d4       0x10 c:/users/summer/appdata/roaming/xpacks/arm_embedded_gcc/bin/../lib/gcc/arm-none-eabi/9.2.1/../../../../arm-none-eabi/lib/thumb/v6-m/nofp\libg_nano.a(lib_a-memset.o)
                0x00000000080019d4                memset
 *(.glue_7)
 .glue_7        0x00000000080019e4        0x0 linker stubs
 *(.glue_7t)
 .glue_7t       0x00000000080019e4        0x0 linker stubs
 *(.eh_frame)
 .eh_frame      0x00000000080019e4        0x0 c:/users/summer/appdata/roaming/xpacks/arm_embedded_gcc/bin/../lib/gcc/arm-none-eabi/9.2.1/thumb/v6-m/nofp/crtbegin.o
 *(.init)
 .init          0x00000000080019e4        0x4 c:/users/summer/appdata/roaming/xpacks/arm_embedded_gcc/bin/../lib/gcc/arm-none-eabi/9.2.1/thumb/v6-m/nofp/crti.o
                0x00000000080019e4                _init
 .init          0x00000000080019e8        0x8 c:/users/summer/appdata/roaming/xpacks/arm_embedded_gcc/bin/../lib/gcc/arm-none-eabi/9.2.1/thumb/v6-m/nofp/crtn.o
 *(.fini)
 .fini          0x00000000080019f0        0x4 c:/users/summer/appdata/roaming/xpacks/arm_embedded_gcc/bin/../lib/gcc/arm-none-eabi/9.2.1/thumb/v6-m/nofp/crti.o
                0x00000000080019f0                _fini
 .fini          0x00000000080019f4        0x8 c:/users/summer/appdata/roaming/xpacks/arm_embedded_gcc/bin/../lib/gcc/arm-none-eabi/9.2.1/thumb/v6-m/nofp/crtn.o
                0x00000000080019fc                . = ALIGN (0x4)
                0x00000000080019fc                _etext = .

.vfp11_veneer   0x00000000080019fc        0x0
 .vfp11_veneer  0x00000000080019fc        0x0 linker stubs

.v4_bx          0x00000000080019fc        0x0
 .v4_bx         0x00000000080019fc        0x0 linker stubs

.iplt           0x00000000080019fc        0x0
 .iplt          0x00000000080019fc        0x0 c:/users/summer/appdata/roaming/xpacks/arm_embedded_gcc/bin/../lib/gcc/arm-none-eabi/9.2.1/thumb/v6-m/nofp/crtbegin.o

.rodata         0x00000000080019fc       0x30
                0x00000000080019fc                . = ALIGN (0x4)
 *(.rodata)
 .rodata        0x00000000080019fc       0x20 CMakeFiles/EVMeter.elf.dir/Drivers/STM32F0xx_HAL_Driver/Src/stm32f0xx_hal_rcc.c.obj
 *(.rodata*)
 .rodata.AHBPrescTable
                0x0000000008001a1c       0x10 CMakeFiles/EVMeter.elf.dir/Src/system_stm32f0xx.c.obj
                0x0000000008001a1c                AHBPrescTable
                0x0000000008001a2c                . = ALIGN (0x4)

.rel.dyn        0x0000000008001a2c        0x0
 .rel.iplt      0x0000000008001a2c        0x0 c:/users/summer/appdata/roaming/xpacks/arm_embedded_gcc/bin/../lib/gcc/arm-none-eabi/9.2.1/thumb/v6-m/nofp/crtbegin.o

.ARM.extab
 *(.ARM.extab* .gnu.linkonce.armextab.*)

.ARM            0x0000000008001a2c        0x0
                0x0000000008001a2c                __exidx_start = .
 *(.ARM.exidx*)
                0x0000000008001a2c                __exidx_end = .

.preinit_array  0x0000000008001a2c        0x0
                0x0000000008001a2c                PROVIDE (__preinit_array_start = .)
 *(.preinit_array*)
                0x0000000008001a2c                PROVIDE (__preinit_array_end = .)

.init_array     0x0000000008001a2c        0x4
                0x0000000008001a2c                PROVIDE (__init_array_start = .)
 *(SORT_BY_NAME(.init_array.*))
 *(.init_array*)
 .init_array    0x0000000008001a2c        0x4 c:/users/summer/appdata/roaming/xpacks/arm_embedded_gcc/bin/../lib/gcc/arm-none-eabi/9.2.1/thumb/v6-m/nofp/crtbegin.o
                0x0000000008001a30                PROVIDE (__init_array_end = .)

.fini_array     0x0000000008001a30        0x4
                [!provide]                        PROVIDE (__fini_array_start = .)
 *(SORT_BY_NAME(.fini_array.*))
 *(.fini_array*)
 .fini_array    0x0000000008001a30        0x4 c:/users/summer/appdata/roaming/xpacks/arm_embedded_gcc/bin/../lib/gcc/arm-none-eabi/9.2.1/thumb/v6-m/nofp/crtbegin.o
                [!provide]                        PROVIDE (__fini_array_end = .)
                0x0000000008001a34                _sidata = LOADADDR (.data)

.data           0x0000000020000000        0xc load address 0x0000000008001a34
                0x0000000020000000                . = ALIGN (0x4)
                0x0000000020000000                _sdata = .
 *(.data)
 *(.data*)
 .data.uwTickPrio
                0x0000000020000000        0x4 CMakeFiles/EVMeter.elf.dir/Drivers/STM32F0xx_HAL_Driver/Src/stm32f0xx_hal.c.obj
                0x0000000020000000                uwTickPrio
 .data.uwTickFreq
                0x0000000020000004        0x1 CMakeFiles/EVMeter.elf.dir/Drivers/STM32F0xx_HAL_Driver/Src/stm32f0xx_hal.c.obj
                0x0000000020000004                uwTickFreq
 *fill*         0x0000000020000005        0x3 
 .data.SystemCoreClock
                0x0000000020000008        0x4 CMakeFiles/EVMeter.elf.dir/Src/system_stm32f0xx.c.obj
                0x0000000020000008                SystemCoreClock
                0x000000002000000c                . = ALIGN (0x4)
                0x000000002000000c                _edata = .

.igot.plt       0x000000002000000c        0x0 load address 0x0000000008001a40
 .igot.plt      0x000000002000000c        0x0 c:/users/summer/appdata/roaming/xpacks/arm_embedded_gcc/bin/../lib/gcc/arm-none-eabi/9.2.1/thumb/v6-m/nofp/crtbegin.o
                0x000000002000000c                . = ALIGN (0x4)

.bss            0x000000002000000c       0xd0 load address 0x0000000008001a40
                0x000000002000000c                _sbss = .
                0x000000002000000c                __bss_start__ = _sbss
 *(.bss)
 *(.bss*)
 .bss.completed.8911
                0x000000002000000c        0x1 c:/users/summer/appdata/roaming/xpacks/arm_embedded_gcc/bin/../lib/gcc/arm-none-eabi/9.2.1/thumb/v6-m/nofp/crtbegin.o
 *fill*         0x000000002000000d        0x3 
 .bss.object.8916
                0x0000000020000010       0x18 c:/users/summer/appdata/roaming/xpacks/arm_embedded_gcc/bin/../lib/gcc/arm-none-eabi/9.2.1/thumb/v6-m/nofp/crtbegin.o
 .bss.uwTick    0x0000000020000028        0x4 CMakeFiles/EVMeter.elf.dir/Drivers/STM32F0xx_HAL_Driver/Src/stm32f0xx_hal.c.obj
                0x0000000020000028                uwTick
 .bss.hi2c1     0x000000002000002c       0x4c CMakeFiles/EVMeter.elf.dir/Src/i2c.c.obj
                0x000000002000002c                hi2c1
 .bss.hspi1     0x0000000020000078       0x64 CMakeFiles/EVMeter.elf.dir/Src/spi.c.obj
                0x0000000020000078                hspi1
 *(COMMON)
                0x00000000200000dc                . = ALIGN (0x4)
                0x00000000200000dc                _ebss = .
                0x00000000200000dc                __bss_end__ = _ebss

._user_heap_stack
                0x00000000200000dc      0x604 load address 0x0000000008001a40
                0x00000000200000e0                . = ALIGN (0x8)
 *fill*         0x00000000200000dc        0x4 
                0x00000000200000e0                PROVIDE (end = .)
                [!provide]                        PROVIDE (_end = .)
                0x00000000200002e0                . = (. + _Min_Heap_Size)
 *fill*         0x00000000200000e0      0x200 
                0x00000000200006e0                . = (. + _Min_Stack_Size)
 *fill*         0x00000000200002e0      0x400 
                0x00000000200006e0                . = ALIGN (0x8)

/DISCARD/
 libc.a(*)
 libm.a(*)
 libgcc.a(*)

.ARM.attributes
                0x0000000000000000       0x28
 *(.ARM.attributes)
 .ARM.attributes
                0x0000000000000000       0x1e c:/users/summer/appdata/roaming/xpacks/arm_embedded_gcc/bin/../lib/gcc/arm-none-eabi/9.2.1/thumb/v6-m/nofp/crti.o
 .ARM.attributes
                0x000000000000001e       0x2c c:/users/summer/appdata/roaming/xpacks/arm_embedded_gcc/bin/../lib/gcc/arm-none-eabi/9.2.1/thumb/v6-m/nofp/crtbegin.o
 .ARM.attributes
                0x000000000000004a       0x2c CMakeFiles/EVMeter.elf.dir/Drivers/STM32F0xx_HAL_Driver/Src/stm32f0xx_hal.c.obj
 .ARM.attributes
                0x0000000000000076       0x2c CMakeFiles/EVMeter.elf.dir/Drivers/STM32F0xx_HAL_Driver/Src/stm32f0xx_hal_cortex.c.obj
 .ARM.attributes
                0x00000000000000a2       0x2c CMakeFiles/EVMeter.elf.dir/Drivers/STM32F0xx_HAL_Driver/Src/stm32f0xx_hal_gpio.c.obj
 .ARM.attributes
                0x00000000000000ce       0x2c CMakeFiles/EVMeter.elf.dir/Drivers/STM32F0xx_HAL_Driver/Src/stm32f0xx_hal_i2c.c.obj
 .ARM.attributes
                0x00000000000000fa       0x2c CMakeFiles/EVMeter.elf.dir/Drivers/STM32F0xx_HAL_Driver/Src/stm32f0xx_hal_i2c_ex.c.obj
 .ARM.attributes
                0x0000000000000126       0x2c CMakeFiles/EVMeter.elf.dir/Drivers/STM32F0xx_HAL_Driver/Src/stm32f0xx_hal_rcc.c.obj
 .ARM.attributes
                0x0000000000000152       0x2c CMakeFiles/EVMeter.elf.dir/Drivers/STM32F0xx_HAL_Driver/Src/stm32f0xx_hal_rcc_ex.c.obj
 .ARM.attributes
                0x000000000000017e       0x2c CMakeFiles/EVMeter.elf.dir/Drivers/STM32F0xx_HAL_Driver/Src/stm32f0xx_hal_spi.c.obj
 .ARM.attributes
                0x00000000000001aa       0x2c CMakeFiles/EVMeter.elf.dir/Src/gpio.c.obj
 .ARM.attributes
                0x00000000000001d6       0x2c CMakeFiles/EVMeter.elf.dir/Src/i2c.c.obj
 .ARM.attributes
                0x0000000000000202       0x2c CMakeFiles/EVMeter.elf.dir/Src/main.c.obj
 .ARM.attributes
                0x000000000000022e       0x2c CMakeFiles/EVMeter.elf.dir/Src/spi.c.obj
 .ARM.attributes
                0x000000000000025a       0x2c CMakeFiles/EVMeter.elf.dir/Src/stm32f0xx_hal_msp.c.obj
 .ARM.attributes
                0x0000000000000286       0x2c CMakeFiles/EVMeter.elf.dir/Src/stm32f0xx_it.c.obj
 .ARM.attributes
                0x00000000000002b2       0x2c CMakeFiles/EVMeter.elf.dir/Src/system_stm32f0xx.c.obj
 .ARM.attributes
                0x00000000000002de       0x21 CMakeFiles/EVMeter.elf.dir/startup/startup_stm32f070x6.s.obj
 .ARM.attributes
                0x00000000000002ff       0x1e c:/users/summer/appdata/roaming/xpacks/arm_embedded_gcc/bin/../lib/gcc/arm-none-eabi/9.2.1/thumb/v6-m/nofp\libgcc.a(_udivsi3.o)
 .ARM.attributes
                0x000000000000031d       0x1e c:/users/summer/appdata/roaming/xpacks/arm_embedded_gcc/bin/../lib/gcc/arm-none-eabi/9.2.1/thumb/v6-m/nofp\libgcc.a(_dvmd_tls.o)
 .ARM.attributes
                0x000000000000033b       0x2c c:/users/summer/appdata/roaming/xpacks/arm_embedded_gcc/bin/../lib/gcc/arm-none-eabi/9.2.1/../../../../arm-none-eabi/lib/thumb/v6-m/nofp\libg_nano.a(lib_a-init.o)
 .ARM.attributes
                0x0000000000000367       0x2c c:/users/summer/appdata/roaming/xpacks/arm_embedded_gcc/bin/../lib/gcc/arm-none-eabi/9.2.1/../../../../arm-none-eabi/lib/thumb/v6-m/nofp\libg_nano.a(lib_a-memset.o)
 .ARM.attributes
                0x0000000000000393       0x1e c:/users/summer/appdata/roaming/xpacks/arm_embedded_gcc/bin/../lib/gcc/arm-none-eabi/9.2.1/thumb/v6-m/nofp/crtn.o
OUTPUT(EVMeter.elf elf32-littlearm)

.debug_info     0x0000000000000000     0x89c5
 .debug_info    0x0000000000000000      0x6bf CMakeFiles/EVMeter.elf.dir/Drivers/STM32F0xx_HAL_Driver/Src/stm32f0xx_hal.c.obj
 .debug_info    0x00000000000006bf      0x7a1 CMakeFiles/EVMeter.elf.dir/Drivers/STM32F0xx_HAL_Driver/Src/stm32f0xx_hal_cortex.c.obj
 .debug_info    0x0000000000000e60      0x6b9 CMakeFiles/EVMeter.elf.dir/Drivers/STM32F0xx_HAL_Driver/Src/stm32f0xx_hal_gpio.c.obj
 .debug_info    0x0000000000001519     0x2102 CMakeFiles/EVMeter.elf.dir/Drivers/STM32F0xx_HAL_Driver/Src/stm32f0xx_hal_i2c.c.obj
 .debug_info    0x000000000000361b      0x8e3 CMakeFiles/EVMeter.elf.dir/Drivers/STM32F0xx_HAL_Driver/Src/stm32f0xx_hal_i2c_ex.c.obj
 .debug_info    0x0000000000003efe      0x882 CMakeFiles/EVMeter.elf.dir/Drivers/STM32F0xx_HAL_Driver/Src/stm32f0xx_hal_rcc.c.obj
 .debug_info    0x0000000000004780      0x434 CMakeFiles/EVMeter.elf.dir/Drivers/STM32F0xx_HAL_Driver/Src/stm32f0xx_hal_rcc_ex.c.obj
 .debug_info    0x0000000000004bb4     0x1723 CMakeFiles/EVMeter.elf.dir/Drivers/STM32F0xx_HAL_Driver/Src/stm32f0xx_hal_spi.c.obj
 .debug_info    0x00000000000062d7      0x272 CMakeFiles/EVMeter.elf.dir/Src/gpio.c.obj
 .debug_info    0x0000000000006549      0x943 CMakeFiles/EVMeter.elf.dir/Src/i2c.c.obj
 .debug_info    0x0000000000006e8c      0xb44 CMakeFiles/EVMeter.elf.dir/Src/main.c.obj
 .debug_info    0x00000000000079d0      0x901 CMakeFiles/EVMeter.elf.dir/Src/spi.c.obj
 .debug_info    0x00000000000082d1      0x272 CMakeFiles/EVMeter.elf.dir/Src/stm32f0xx_hal_msp.c.obj
 .debug_info    0x0000000000008543      0x1a8 CMakeFiles/EVMeter.elf.dir/Src/stm32f0xx_it.c.obj
 .debug_info    0x00000000000086eb      0x2b8 CMakeFiles/EVMeter.elf.dir/Src/system_stm32f0xx.c.obj
 .debug_info    0x00000000000089a3       0x22 CMakeFiles/EVMeter.elf.dir/startup/startup_stm32f070x6.s.obj

.debug_abbrev   0x0000000000000000     0x1a8b
 .debug_abbrev  0x0000000000000000      0x21b CMakeFiles/EVMeter.elf.dir/Drivers/STM32F0xx_HAL_Driver/Src/stm32f0xx_hal.c.obj
 .debug_abbrev  0x000000000000021b      0x2a6 CMakeFiles/EVMeter.elf.dir/Drivers/STM32F0xx_HAL_Driver/Src/stm32f0xx_hal_cortex.c.obj
 .debug_abbrev  0x00000000000004c1      0x1e5 CMakeFiles/EVMeter.elf.dir/Drivers/STM32F0xx_HAL_Driver/Src/stm32f0xx_hal_gpio.c.obj
 .debug_abbrev  0x00000000000006a6      0x264 CMakeFiles/EVMeter.elf.dir/Drivers/STM32F0xx_HAL_Driver/Src/stm32f0xx_hal_i2c.c.obj
 .debug_abbrev  0x000000000000090a      0x1eb CMakeFiles/EVMeter.elf.dir/Drivers/STM32F0xx_HAL_Driver/Src/stm32f0xx_hal_i2c_ex.c.obj
 .debug_abbrev  0x0000000000000af5      0x238 CMakeFiles/EVMeter.elf.dir/Drivers/STM32F0xx_HAL_Driver/Src/stm32f0xx_hal_rcc.c.obj
 .debug_abbrev  0x0000000000000d2d      0x190 CMakeFiles/EVMeter.elf.dir/Drivers/STM32F0xx_HAL_Driver/Src/stm32f0xx_hal_rcc_ex.c.obj
 .debug_abbrev  0x0000000000000ebd      0x251 CMakeFiles/EVMeter.elf.dir/Drivers/STM32F0xx_HAL_Driver/Src/stm32f0xx_hal_spi.c.obj
 .debug_abbrev  0x000000000000110e      0x11a CMakeFiles/EVMeter.elf.dir/Src/gpio.c.obj
 .debug_abbrev  0x0000000000001228      0x1c3 CMakeFiles/EVMeter.elf.dir/Src/i2c.c.obj
 .debug_abbrev  0x00000000000013eb      0x1ab CMakeFiles/EVMeter.elf.dir/Src/main.c.obj
 .debug_abbrev  0x0000000000001596      0x1b8 CMakeFiles/EVMeter.elf.dir/Src/spi.c.obj
 .debug_abbrev  0x000000000000174e      0x11a CMakeFiles/EVMeter.elf.dir/Src/stm32f0xx_hal_msp.c.obj
 .debug_abbrev  0x0000000000001868       0xcf CMakeFiles/EVMeter.elf.dir/Src/stm32f0xx_it.c.obj
 .debug_abbrev  0x0000000000001937      0x142 CMakeFiles/EVMeter.elf.dir/Src/system_stm32f0xx.c.obj
 .debug_abbrev  0x0000000000001a79       0x12 CMakeFiles/EVMeter.elf.dir/startup/startup_stm32f070x6.s.obj

.debug_aranges  0x0000000000000000      0x890
 .debug_aranges
                0x0000000000000000       0xd0 CMakeFiles/EVMeter.elf.dir/Drivers/STM32F0xx_HAL_Driver/Src/stm32f0xx_hal.c.obj
 .debug_aranges
                0x00000000000000d0       0xc0 CMakeFiles/EVMeter.elf.dir/Drivers/STM32F0xx_HAL_Driver/Src/stm32f0xx_hal_cortex.c.obj
 .debug_aranges
                0x0000000000000190       0x58 CMakeFiles/EVMeter.elf.dir/Drivers/STM32F0xx_HAL_Driver/Src/stm32f0xx_hal_gpio.c.obj
 .debug_aranges
                0x00000000000001e8      0x288 CMakeFiles/EVMeter.elf.dir/Drivers/STM32F0xx_HAL_Driver/Src/stm32f0xx_hal_i2c.c.obj
 .debug_aranges
                0x0000000000000470       0x38 CMakeFiles/EVMeter.elf.dir/Drivers/STM32F0xx_HAL_Driver/Src/stm32f0xx_hal_i2c_ex.c.obj
 .debug_aranges
                0x00000000000004a8       0x80 CMakeFiles/EVMeter.elf.dir/Drivers/STM32F0xx_HAL_Driver/Src/stm32f0xx_hal_rcc.c.obj
 .debug_aranges
                0x0000000000000528       0x30 CMakeFiles/EVMeter.elf.dir/Drivers/STM32F0xx_HAL_Driver/Src/stm32f0xx_hal_rcc_ex.c.obj
 .debug_aranges
                0x0000000000000558      0x1d8 CMakeFiles/EVMeter.elf.dir/Drivers/STM32F0xx_HAL_Driver/Src/stm32f0xx_hal_spi.c.obj
 .debug_aranges
                0x0000000000000730       0x20 CMakeFiles/EVMeter.elf.dir/Src/gpio.c.obj
 .debug_aranges
                0x0000000000000750       0x30 CMakeFiles/EVMeter.elf.dir/Src/i2c.c.obj
 .debug_aranges
                0x0000000000000780       0x30 CMakeFiles/EVMeter.elf.dir/Src/main.c.obj
 .debug_aranges
                0x00000000000007b0       0x30 CMakeFiles/EVMeter.elf.dir/Src/spi.c.obj
 .debug_aranges
                0x00000000000007e0       0x20 CMakeFiles/EVMeter.elf.dir/Src/stm32f0xx_hal_msp.c.obj
 .debug_aranges
                0x0000000000000800       0x40 CMakeFiles/EVMeter.elf.dir/Src/stm32f0xx_it.c.obj
 .debug_aranges
                0x0000000000000840       0x28 CMakeFiles/EVMeter.elf.dir/Src/system_stm32f0xx.c.obj
 .debug_aranges
                0x0000000000000868       0x28 CMakeFiles/EVMeter.elf.dir/startup/startup_stm32f070x6.s.obj

.debug_ranges   0x0000000000000000      0x798
 .debug_ranges  0x0000000000000000       0xc0 CMakeFiles/EVMeter.elf.dir/Drivers/STM32F0xx_HAL_Driver/Src/stm32f0xx_hal.c.obj
 .debug_ranges  0x00000000000000c0       0xb0 CMakeFiles/EVMeter.elf.dir/Drivers/STM32F0xx_HAL_Driver/Src/stm32f0xx_hal_cortex.c.obj
 .debug_ranges  0x0000000000000170       0x48 CMakeFiles/EVMeter.elf.dir/Drivers/STM32F0xx_HAL_Driver/Src/stm32f0xx_hal_gpio.c.obj
 .debug_ranges  0x00000000000001b8      0x278 CMakeFiles/EVMeter.elf.dir/Drivers/STM32F0xx_HAL_Driver/Src/stm32f0xx_hal_i2c.c.obj
 .debug_ranges  0x0000000000000430       0x28 CMakeFiles/EVMeter.elf.dir/Drivers/STM32F0xx_HAL_Driver/Src/stm32f0xx_hal_i2c_ex.c.obj
 .debug_ranges  0x0000000000000458       0x70 CMakeFiles/EVMeter.elf.dir/Drivers/STM32F0xx_HAL_Driver/Src/stm32f0xx_hal_rcc.c.obj
 .debug_ranges  0x00000000000004c8       0x20 CMakeFiles/EVMeter.elf.dir/Drivers/STM32F0xx_HAL_Driver/Src/stm32f0xx_hal_rcc_ex.c.obj
 .debug_ranges  0x00000000000004e8      0x1c8 CMakeFiles/EVMeter.elf.dir/Drivers/STM32F0xx_HAL_Driver/Src/stm32f0xx_hal_spi.c.obj
 .debug_ranges  0x00000000000006b0       0x10 CMakeFiles/EVMeter.elf.dir/Src/gpio.c.obj
 .debug_ranges  0x00000000000006c0       0x20 CMakeFiles/EVMeter.elf.dir/Src/i2c.c.obj
 .debug_ranges  0x00000000000006e0       0x20 CMakeFiles/EVMeter.elf.dir/Src/main.c.obj
 .debug_ranges  0x0000000000000700       0x20 CMakeFiles/EVMeter.elf.dir/Src/spi.c.obj
 .debug_ranges  0x0000000000000720       0x10 CMakeFiles/EVMeter.elf.dir/Src/stm32f0xx_hal_msp.c.obj
 .debug_ranges  0x0000000000000730       0x30 CMakeFiles/EVMeter.elf.dir/Src/stm32f0xx_it.c.obj
 .debug_ranges  0x0000000000000760       0x18 CMakeFiles/EVMeter.elf.dir/Src/system_stm32f0xx.c.obj
 .debug_ranges  0x0000000000000778       0x20 CMakeFiles/EVMeter.elf.dir/startup/startup_stm32f070x6.s.obj

.debug_line     0x0000000000000000     0x78ad
 .debug_line    0x0000000000000000      0x4af CMakeFiles/EVMeter.elf.dir/Drivers/STM32F0xx_HAL_Driver/Src/stm32f0xx_hal.c.obj
 .debug_line    0x00000000000004af      0x553 CMakeFiles/EVMeter.elf.dir/Drivers/STM32F0xx_HAL_Driver/Src/stm32f0xx_hal_cortex.c.obj
 .debug_line    0x0000000000000a02      0x61d CMakeFiles/EVMeter.elf.dir/Drivers/STM32F0xx_HAL_Driver/Src/stm32f0xx_hal_gpio.c.obj
 .debug_line    0x000000000000101f     0x2cf1 CMakeFiles/EVMeter.elf.dir/Drivers/STM32F0xx_HAL_Driver/Src/stm32f0xx_hal_i2c.c.obj
 .debug_line    0x0000000000003d10      0x367 CMakeFiles/EVMeter.elf.dir/Drivers/STM32F0xx_HAL_Driver/Src/stm32f0xx_hal_i2c_ex.c.obj
 .debug_line    0x0000000000004077      0x8a7 CMakeFiles/EVMeter.elf.dir/Drivers/STM32F0xx_HAL_Driver/Src/stm32f0xx_hal_rcc.c.obj
 .debug_line    0x000000000000491e      0x467 CMakeFiles/EVMeter.elf.dir/Drivers/STM32F0xx_HAL_Driver/Src/stm32f0xx_hal_rcc_ex.c.obj
 .debug_line    0x0000000000004d85     0x19f9 CMakeFiles/EVMeter.elf.dir/Drivers/STM32F0xx_HAL_Driver/Src/stm32f0xx_hal_spi.c.obj
 .debug_line    0x000000000000677e      0x1ca CMakeFiles/EVMeter.elf.dir/Src/gpio.c.obj
 .debug_line    0x0000000000006948      0x2c4 CMakeFiles/EVMeter.elf.dir/Src/i2c.c.obj
 .debug_line    0x0000000000006c0c      0x2fb CMakeFiles/EVMeter.elf.dir/Src/main.c.obj
 .debug_line    0x0000000000006f07      0x2c1 CMakeFiles/EVMeter.elf.dir/Src/spi.c.obj
 .debug_line    0x00000000000071c8      0x1d8 CMakeFiles/EVMeter.elf.dir/Src/stm32f0xx_hal_msp.c.obj
 .debug_line    0x00000000000073a0      0x213 CMakeFiles/EVMeter.elf.dir/Src/stm32f0xx_it.c.obj
 .debug_line    0x00000000000075b3      0x256 CMakeFiles/EVMeter.elf.dir/Src/system_stm32f0xx.c.obj
 .debug_line    0x0000000000007809       0xa4 CMakeFiles/EVMeter.elf.dir/startup/startup_stm32f070x6.s.obj

.debug_str      0x0000000000000000     0x2632
 .debug_str     0x0000000000000000      0x64e CMakeFiles/EVMeter.elf.dir/Drivers/STM32F0xx_HAL_Driver/Src/stm32f0xx_hal.c.obj
                                        0x6af (size before relaxing)
 .debug_str     0x000000000000064e      0x2cd CMakeFiles/EVMeter.elf.dir/Drivers/STM32F0xx_HAL_Driver/Src/stm32f0xx_hal_cortex.c.obj
                                        0x6c1 (size before relaxing)
 .debug_str     0x000000000000091b      0x1dc CMakeFiles/EVMeter.elf.dir/Drivers/STM32F0xx_HAL_Driver/Src/stm32f0xx_hal_gpio.c.obj
                                        0x4f0 (size before relaxing)
 .debug_str     0x0000000000000af7      0xc9a CMakeFiles/EVMeter.elf.dir/Drivers/STM32F0xx_HAL_Driver/Src/stm32f0xx_hal_i2c.c.obj
                                        0xfeb (size before relaxing)
 .debug_str     0x0000000000001791       0xd4 CMakeFiles/EVMeter.elf.dir/Drivers/STM32F0xx_HAL_Driver/Src/stm32f0xx_hal_i2c_ex.c.obj
                                        0x890 (size before relaxing)
 .debug_str     0x0000000000001865      0x31b CMakeFiles/EVMeter.elf.dir/Drivers/STM32F0xx_HAL_Driver/Src/stm32f0xx_hal_rcc.c.obj
                                        0x6d3 (size before relaxing)
 .debug_str     0x0000000000001b80      0x168 CMakeFiles/EVMeter.elf.dir/Drivers/STM32F0xx_HAL_Driver/Src/stm32f0xx_hal_rcc_ex.c.obj
                                        0x48e (size before relaxing)
 .debug_str     0x0000000000001ce8      0x733 CMakeFiles/EVMeter.elf.dir/Drivers/STM32F0xx_HAL_Driver/Src/stm32f0xx_hal_spi.c.obj
                                        0xc3b (size before relaxing)
 .debug_str     0x000000000000241b       0x2b CMakeFiles/EVMeter.elf.dir/Src/gpio.c.obj
                                        0x2e4 (size before relaxing)
 .debug_str     0x0000000000002446       0x4a CMakeFiles/EVMeter.elf.dir/Src/i2c.c.obj
                                        0x83b (size before relaxing)
 .debug_str     0x0000000000002490       0x4a CMakeFiles/EVMeter.elf.dir/Src/main.c.obj
                                        0xaf2 (size before relaxing)
 .debug_str     0x00000000000024da       0x34 CMakeFiles/EVMeter.elf.dir/Src/spi.c.obj
                                        0x77f (size before relaxing)
 .debug_str     0x000000000000250e       0x2b CMakeFiles/EVMeter.elf.dir/Src/stm32f0xx_hal_msp.c.obj
                                        0x2f0 (size before relaxing)
 .debug_str     0x0000000000002539       0x6f CMakeFiles/EVMeter.elf.dir/Src/stm32f0xx_it.c.obj
                                        0x2ce (size before relaxing)
 .debug_str     0x00000000000025a8       0x4b CMakeFiles/EVMeter.elf.dir/Src/system_stm32f0xx.c.obj
                                        0x31c (size before relaxing)
 .debug_str     0x00000000000025f3       0x3f CMakeFiles/EVMeter.elf.dir/startup/startup_stm32f070x6.s.obj
                                         0x64 (size before relaxing)

.comment        0x0000000000000000       0x66
 .comment       0x0000000000000000       0x66 CMakeFiles/EVMeter.elf.dir/Drivers/STM32F0xx_HAL_Driver/Src/stm32f0xx_hal.c.obj
                                         0x67 (size before relaxing)
 .comment       0x0000000000000066       0x67 CMakeFiles/EVMeter.elf.dir/Drivers/STM32F0xx_HAL_Driver/Src/stm32f0xx_hal_cortex.c.obj
 .comment       0x0000000000000066       0x67 CMakeFiles/EVMeter.elf.dir/Drivers/STM32F0xx_HAL_Driver/Src/stm32f0xx_hal_gpio.c.obj
 .comment       0x0000000000000066       0x67 CMakeFiles/EVMeter.elf.dir/Drivers/STM32F0xx_HAL_Driver/Src/stm32f0xx_hal_i2c.c.obj
 .comment       0x0000000000000066       0x67 CMakeFiles/EVMeter.elf.dir/Drivers/STM32F0xx_HAL_Driver/Src/stm32f0xx_hal_i2c_ex.c.obj
 .comment       0x0000000000000066       0x67 CMakeFiles/EVMeter.elf.dir/Drivers/STM32F0xx_HAL_Driver/Src/stm32f0xx_hal_rcc.c.obj
 .comment       0x0000000000000066       0x67 CMakeFiles/EVMeter.elf.dir/Drivers/STM32F0xx_HAL_Driver/Src/stm32f0xx_hal_rcc_ex.c.obj
 .comment       0x0000000000000066       0x67 CMakeFiles/EVMeter.elf.dir/Drivers/STM32F0xx_HAL_Driver/Src/stm32f0xx_hal_spi.c.obj
 .comment       0x0000000000000066       0x67 CMakeFiles/EVMeter.elf.dir/Src/gpio.c.obj
 .comment       0x0000000000000066       0x67 CMakeFiles/EVMeter.elf.dir/Src/i2c.c.obj
 .comment       0x0000000000000066       0x67 CMakeFiles/EVMeter.elf.dir/Src/main.c.obj
 .comment       0x0000000000000066       0x67 CMakeFiles/EVMeter.elf.dir/Src/spi.c.obj
 .comment       0x0000000000000066       0x67 CMakeFiles/EVMeter.elf.dir/Src/stm32f0xx_hal_msp.c.obj
 .comment       0x0000000000000066       0x67 CMakeFiles/EVMeter.elf.dir/Src/stm32f0xx_it.c.obj
 .comment       0x0000000000000066       0x67 CMakeFiles/EVMeter.elf.dir/Src/system_stm32f0xx.c.obj

.debug_frame    0x0000000000000000     0x1cf4
 .debug_frame   0x0000000000000000      0x2a4 CMakeFiles/EVMeter.elf.dir/Drivers/STM32F0xx_HAL_Driver/Src/stm32f0xx_hal.c.obj
 .debug_frame   0x00000000000002a4      0x2a0 CMakeFiles/EVMeter.elf.dir/Drivers/STM32F0xx_HAL_Driver/Src/stm32f0xx_hal_cortex.c.obj
 .debug_frame   0x0000000000000544      0x110 CMakeFiles/EVMeter.elf.dir/Drivers/STM32F0xx_HAL_Driver/Src/stm32f0xx_hal_gpio.c.obj
 .debug_frame   0x0000000000000654      0xa04 CMakeFiles/EVMeter.elf.dir/Drivers/STM32F0xx_HAL_Driver/Src/stm32f0xx_hal_i2c.c.obj
 .debug_frame   0x0000000000001058       0x90 CMakeFiles/EVMeter.elf.dir/Drivers/STM32F0xx_HAL_Driver/Src/stm32f0xx_hal_i2c_ex.c.obj
 .debug_frame   0x00000000000010e8      0x198 CMakeFiles/EVMeter.elf.dir/Drivers/STM32F0xx_HAL_Driver/Src/stm32f0xx_hal_rcc.c.obj
 .debug_frame   0x0000000000001280       0x70 CMakeFiles/EVMeter.elf.dir/Drivers/STM32F0xx_HAL_Driver/Src/stm32f0xx_hal_rcc_ex.c.obj
 .debug_frame   0x00000000000012f0      0x710 CMakeFiles/EVMeter.elf.dir/Drivers/STM32F0xx_HAL_Driver/Src/stm32f0xx_hal_spi.c.obj
 .debug_frame   0x0000000000001a00       0x30 CMakeFiles/EVMeter.elf.dir/Src/gpio.c.obj
 .debug_frame   0x0000000000001a30       0x6c CMakeFiles/EVMeter.elf.dir/Src/i2c.c.obj
 .debug_frame   0x0000000000001a9c       0x68 CMakeFiles/EVMeter.elf.dir/Src/main.c.obj
 .debug_frame   0x0000000000001b04       0x6c CMakeFiles/EVMeter.elf.dir/Src/spi.c.obj
 .debug_frame   0x0000000000001b70       0x30 CMakeFiles/EVMeter.elf.dir/Src/stm32f0xx_hal_msp.c.obj
 .debug_frame   0x0000000000001ba0       0x9c CMakeFiles/EVMeter.elf.dir/Src/stm32f0xx_it.c.obj
 .debug_frame   0x0000000000001c3c       0x4c CMakeFiles/EVMeter.elf.dir/Src/system_stm32f0xx.c.obj
 .debug_frame   0x0000000000001c88       0x20 c:/users/summer/appdata/roaming/xpacks/arm_embedded_gcc/bin/../lib/gcc/arm-none-eabi/9.2.1/thumb/v6-m/nofp\libgcc.a(_udivsi3.o)
 .debug_frame   0x0000000000001ca8       0x2c c:/users/summer/appdata/roaming/xpacks/arm_embedded_gcc/bin/../lib/gcc/arm-none-eabi/9.2.1/../../../../arm-none-eabi/lib/thumb/v6-m/nofp\libg_nano.a(lib_a-init.o)
 .debug_frame   0x0000000000001cd4       0x20 c:/users/summer/appdata/roaming/xpacks/arm_embedded_gcc/bin/../lib/gcc/arm-none-eabi/9.2.1/../../../../arm-none-eabi/lib/thumb/v6-m/nofp\libg_nano.a(lib_a-memset.o)
